------------------------------------------------------------
TimeQuest Timing Analyzer Summary
------------------------------------------------------------

Type  : Slow 1200mV 85C Model Setup 'VGA_Driver|pll_inst0|altpll_component|auto_generated|pll1|clk[0]'
Slack : -6.806
TNS   : -18.283

Type  : Slow 1200mV 85C Model Setup 'move_ball:b1|slow_clk'
Slack : -6.184
TNS   : -103.169

Type  : Slow 1200mV 85C Model Setup 'CLK_50'
Slack : 0.117
TNS   : 0.000

Type  : Slow 1200mV 85C Model Hold 'CLK_50'
Slack : -0.087
TNS   : -0.087

Type  : Slow 1200mV 85C Model Hold 'VGA_Driver|pll_inst0|altpll_component|auto_generated|pll1|clk[0]'
Slack : 0.358
TNS   : 0.000

Type  : Slow 1200mV 85C Model Hold 'move_ball:b1|slow_clk'
Slack : 0.575
TNS   : 0.000

Type  : Slow 1200mV 85C Model Recovery 'CLK_50'
Slack : 18.223
TNS   : 0.000

Type  : Slow 1200mV 85C Model Removal 'CLK_50'
Slack : 1.292
TNS   : 0.000

Type  : Slow 1200mV 85C Model Minimum Pulse Width 'move_ball:b1|slow_clk'
Slack : -1.000
TNS   : -22.000

Type  : Slow 1200mV 85C Model Minimum Pulse Width 'CLK_50'
Slack : 9.687
TNS   : 0.000

Type  : Slow 1200mV 85C Model Minimum Pulse Width 'VGA_Driver|pll_inst0|altpll_component|auto_generated|pll1|clk[0]'
Slack : 19.619
TNS   : 0.000

Type  : Slow 1200mV 0C Model Setup 'VGA_Driver|pll_inst0|altpll_component|auto_generated|pll1|clk[0]'
Slack : -5.921
TNS   : -15.956

Type  : Slow 1200mV 0C Model Setup 'move_ball:b1|slow_clk'
Slack : -5.379
TNS   : -89.901

Type  : Slow 1200mV 0C Model Setup 'CLK_50'
Slack : 0.208
TNS   : 0.000

Type  : Slow 1200mV 0C Model Hold 'CLK_50'
Slack : -0.125
TNS   : -0.125

Type  : Slow 1200mV 0C Model Hold 'VGA_Driver|pll_inst0|altpll_component|auto_generated|pll1|clk[0]'
Slack : 0.312
TNS   : 0.000

Type  : Slow 1200mV 0C Model Hold 'move_ball:b1|slow_clk'
Slack : 0.515
TNS   : 0.000

Type  : Slow 1200mV 0C Model Recovery 'CLK_50'
Slack : 18.423
TNS   : 0.000

Type  : Slow 1200mV 0C Model Removal 'CLK_50'
Slack : 1.185
TNS   : 0.000

Type  : Slow 1200mV 0C Model Minimum Pulse Width 'move_ball:b1|slow_clk'
Slack : -1.000
TNS   : -22.000

Type  : Slow 1200mV 0C Model Minimum Pulse Width 'CLK_50'
Slack : 9.682
TNS   : 0.000

Type  : Slow 1200mV 0C Model Minimum Pulse Width 'VGA_Driver|pll_inst0|altpll_component|auto_generated|pll1|clk[0]'
Slack : 19.612
TNS   : 0.000

Type  : Fast 1200mV 0C Model Setup 'VGA_Driver|pll_inst0|altpll_component|auto_generated|pll1|clk[0]'
Slack : -3.955
TNS   : -10.566

Type  : Fast 1200mV 0C Model Setup 'move_ball:b1|slow_clk'
Slack : -3.052
TNS   : -48.555

Type  : Fast 1200mV 0C Model Setup 'CLK_50'
Slack : 0.251
TNS   : 0.000

Type  : Fast 1200mV 0C Model Hold 'CLK_50'
Slack : -0.165
TNS   : -0.165

Type  : Fast 1200mV 0C Model Hold 'VGA_Driver|pll_inst0|altpll_component|auto_generated|pll1|clk[0]'
Slack : 0.187
TNS   : 0.000

Type  : Fast 1200mV 0C Model Hold 'move_ball:b1|slow_clk'
Slack : 0.309
TNS   : 0.000

Type  : Fast 1200mV 0C Model Recovery 'CLK_50'
Slack : 18.969
TNS   : 0.000

Type  : Fast 1200mV 0C Model Removal 'CLK_50'
Slack : 0.698
TNS   : 0.000

Type  : Fast 1200mV 0C Model Minimum Pulse Width 'move_ball:b1|slow_clk'
Slack : -1.000
TNS   : -22.000

Type  : Fast 1200mV 0C Model Minimum Pulse Width 'CLK_50'
Slack : 9.444
TNS   : 0.000

Type  : Fast 1200mV 0C Model Minimum Pulse Width 'VGA_Driver|pll_inst0|altpll_component|auto_generated|pll1|clk[0]'
Slack : 19.646
TNS   : 0.000

------------------------------------------------------------
